  Γû▓ Next.js 14.2.21

   Creating an optimized production build ...
 Γ£ô Compiled successfully
   Linting and checking validity of types ...
   Collecting page data ...
node.exe : Error: DATABASE_URL environment variable is not set
At C:\Program Files\nodejs\npx.ps1:29 char:3
+   & $NODE_EXE $NPX_CLI_JS $args
+   ~~~~~~~~~~~~~~~~~~~~~~~~~~~~~
    + CategoryInfo          : NotSpecified: (Error: DATABASE...able is not set:String) [], RemoteException
    + FullyQualifiedErrorId : NativeCommandError
 
    at 9487 (D:\CIS-GPACAL\.next\server\app\api\admin\results\save\route.js:1:3526)
    at t (D:\CIS-GPACAL\.next\server\webpack-runtime.js:1:143)
    at 7802 (D:\CIS-GPACAL\.next\server\app\api\admin\results\save\route.js:1:631)
    at t (D:\CIS-GPACAL\.next\server\webpack-runtime.js:1:143)
    at r (D:\CIS-GPACAL\.next\server\app\api\admin\results\save\route.js:1:6053)
    at D:\CIS-GPACAL\.next\server\app\api\admin\results\save\route.js:1:6084
    at t.X (D:\CIS-GPACAL\.next\server\webpack-runtime.js:1:1285)
    at D:\CIS-GPACAL\.next\server\app\api\admin\results\save\route.js:1:6066
    at Object.<anonymous> (D:\CIS-GPACAL\.next\server\app\api\admin\results\save\route.js:1:6111)
    at Module._compile (node:internal/modules/cjs/loader:1554:14)

> Build error occurred
Error: Failed to collect page data for /api/admin/results/save
    at D:\CIS-GPACAL\node_modules\next\dist\build\utils.js:1268:15
    at process.processTicksAndRejections (node:internal/process/task_queues:105:5) {
  type: 'Error'
}
